------------------------------------------------------------
TimeQuest Timing Analyzer Summary
------------------------------------------------------------

Type  : Setup 'sw'
Slack : -110.679
TNS   : -1162.150

Type  : Setup 'debounce:u5|key_sec[0]'
Slack : -3.431
TNS   : -27.448

Type  : Setup 'debounce:u4|key_sec[0]'
Slack : -3.193
TNS   : -25.544

Type  : Setup 'debounce:u1|key_sec[0]'
Slack : -3.025
TNS   : -10.612

Type  : Setup 'clk'
Slack : -2.523
TNS   : -90.675

Type  : Setup 'debounce:u6|key_sec[0]'
Slack : -1.649
TNS   : -9.464

Type  : Setup 'debounce:u2|key_sec[0]'
Slack : -1.238
TNS   : -3.616

Type  : Setup 'debounce:u3|key_sec[0]'
Slack : -1.181
TNS   : -4.091

Type  : Setup 'std.000_3972'
Slack : -0.958
TNS   : -5.678

Type  : Setup 'cntp[9]'
Slack : -0.641
TNS   : -1.261

Type  : Hold 'std.000_3972'
Slack : -4.589
TNS   : -109.968

Type  : Hold 'clk'
Slack : -1.580
TNS   : -21.124

Type  : Hold 'sw'
Slack : -0.284
TNS   : -0.284

Type  : Hold 'debounce:u2|key_sec[0]'
Slack : 1.066
TNS   : 0.000

Type  : Hold 'debounce:u3|key_sec[0]'
Slack : 1.224
TNS   : 0.000

Type  : Hold 'cntp[9]'
Slack : 1.246
TNS   : 0.000

Type  : Hold 'debounce:u6|key_sec[0]'
Slack : 1.323
TNS   : 0.000

Type  : Hold 'debounce:u1|key_sec[0]'
Slack : 1.328
TNS   : 0.000

Type  : Hold 'debounce:u5|key_sec[0]'
Slack : 1.329
TNS   : 0.000

Type  : Hold 'debounce:u4|key_sec[0]'
Slack : 1.345
TNS   : 0.000

Type  : Recovery 'debounce:u4|key_sec[0]'
Slack : -5.590
TNS   : -44.720

Type  : Recovery 'debounce:u5|key_sec[0]'
Slack : -4.642
TNS   : -37.136

Type  : Recovery 'debounce:u3|key_sec[0]'
Slack : -4.638
TNS   : -17.896

Type  : Recovery 'debounce:u1|key_sec[0]'
Slack : -4.513
TNS   : -18.052

Type  : Recovery 'clk'
Slack : -3.981
TNS   : -46.152

Type  : Recovery 'debounce:u8|key_sec[0]'
Slack : -3.972
TNS   : -3.972

Type  : Recovery 'debounce:u6|key_sec[0]'
Slack : -3.889
TNS   : -27.223

Type  : Recovery 'debounce:u7|key_sec[0]'
Slack : -3.647
TNS   : -3.647

Type  : Recovery 'debounce:u2|key_sec[0]'
Slack : -3.607
TNS   : -14.428

Type  : Recovery 'cntp[9]'
Slack : -3.322
TNS   : -6.644

Type  : Removal 'clk'
Slack : 1.421
TNS   : 0.000

Type  : Removal 'debounce:u2|key_sec[0]'
Slack : 1.537
TNS   : 0.000

Type  : Removal 'debounce:u7|key_sec[0]'
Slack : 1.577
TNS   : 0.000

Type  : Removal 'debounce:u6|key_sec[0]'
Slack : 1.819
TNS   : 0.000

Type  : Removal 'debounce:u8|key_sec[0]'
Slack : 1.902
TNS   : 0.000

Type  : Removal 'debounce:u3|key_sec[0]'
Slack : 2.240
TNS   : 0.000

Type  : Removal 'debounce:u1|key_sec[0]'
Slack : 2.443
TNS   : 0.000

Type  : Removal 'debounce:u5|key_sec[0]'
Slack : 2.572
TNS   : 0.000

Type  : Removal 'cntp[9]'
Slack : 3.476
TNS   : 0.000

Type  : Removal 'debounce:u4|key_sec[0]'
Slack : 3.520
TNS   : 0.000

Type  : Minimum Pulse Width 'clk'
Slack : -2.289
TNS   : -2.289

Type  : Minimum Pulse Width 'sw'
Slack : -2.289
TNS   : -2.289

Type  : Minimum Pulse Width 'cntp[9]'
Slack : 0.334
TNS   : 0.000

Type  : Minimum Pulse Width 'debounce:u1|key_sec[0]'
Slack : 0.334
TNS   : 0.000

Type  : Minimum Pulse Width 'debounce:u2|key_sec[0]'
Slack : 0.334
TNS   : 0.000

Type  : Minimum Pulse Width 'debounce:u3|key_sec[0]'
Slack : 0.334
TNS   : 0.000

Type  : Minimum Pulse Width 'debounce:u4|key_sec[0]'
Slack : 0.334
TNS   : 0.000

Type  : Minimum Pulse Width 'debounce:u5|key_sec[0]'
Slack : 0.334
TNS   : 0.000

Type  : Minimum Pulse Width 'debounce:u6|key_sec[0]'
Slack : 0.334
TNS   : 0.000

Type  : Minimum Pulse Width 'debounce:u7|key_sec[0]'
Slack : 0.334
TNS   : 0.000

Type  : Minimum Pulse Width 'debounce:u8|key_sec[0]'
Slack : 0.334
TNS   : 0.000

Type  : Minimum Pulse Width 'std.000_3972'
Slack : 0.500
TNS   : 0.000

------------------------------------------------------------
